// Jest Snapshot v1, https://goo.gl/fbAQLP

exports[`Controls component renders Controls 1`] = `
<DocumentFragment>
  <label
    for="text"
  >
    Search News By Keyword
  </label>
  <input
    id="text"
    name="text"
    type="text"
    value="Test Display"
  />
</DocumentFragment>
`;
