// Jest Snapshot v1, https://goo.gl/fbAQLP

exports[`App component renders App 1`] = `
<DocumentFragment>
  <div>
    <form
      class="Search"
    >
      <label
        for="text"
      >
        <h2>
          Search News By Keyword
        </h2>
      </label>
      <input
        id="text"
        name="text"
        type="text"
        value=""
      />
      <br />
      <button
        type="submit"
      >
        SEARCH NEWS
      </button>
    </form>
    <ul>
        
    </ul>
  </div>
</DocumentFragment>
`;
